// Jest Snapshot v1, https://goo.gl/fbAQLP

exports[`<TrainingPage /> snapshot matches component 1`] = `
Array [
  <title>
    Training Request
  </title>,
  <nav
    className="navbar navbar-expand navbar-light border-bottom"
    style={
      Object {
        "background": "white",
      }
    }
  >
    <ul
      className="navbar-nav"
    >
      <li
        aria-label="Home Link"
        className="nav-item"
      >
        <a
          className="nav-link"
          href="/"
          onClick={[Function]}
          onMouseEnter={[Function]}
        >
          Home
        </a>
      </li>
      <li
        aria-label="Training Link"
        className="nav-item active"
      >
        <a
          className="nav-link"
          href="/training"
          onClick={[Function]}
          onMouseEnter={[Function]}
        >
          Training
        </a>
      </li>
      <li
        aria-label="Exam Link"
        className="nav-item"
      >
        <a
          className="nav-link"
          href="/exam"
          onClick={[Function]}
          onMouseEnter={[Function]}
        >
          Exam
        </a>
      </li>
    </ul>
  </nav>,
  <h3
    className="text-center m-4"
  >
    Request for Training
  </h3>,
  <div
    className="container"
  >
    <form
      aria-label="Training Request Form"
      className="needs-validation"
      noValidate={true}
      onSubmit={[Function]}
    >
      <div
        className="form-row mt-3"
      >
        <div
          className="form-group col-md-3"
        >
          <label
            htmlFor="employeeName"
          >
            Employee Name
          </label>
          <input
            className="form-control"
            disabled={true}
            id="employeeName"
            required={true}
            type="text"
            value=""
          />
        </div>
        <div
          className="form-group col-md-3"
        >
          <label
            htmlFor="employeeNumber"
          >
            Employee Number
          </label>
          <input
            className="form-control"
            id="employeeNumber"
            onChange={[Function]}
            required={true}
            type="number"
          />
        </div>
        <div
          className="form-group col-md-3"
        >
          <label
            htmlFor="employeeUnit"
          >
            Employee Unit
          </label>
          <select
            className="form-control"
            defaultValue="prompt"
            id="employeeUnit"
            onChange={[Function]}
          >
            <option
              disabled={true}
              hidden={true}
              value="prompt"
            >
              Select a unit
            </option>
            <option
              value="Supt-ArcGIS-Unit-Mgmt@esri.com"
            >
              Online
            </option>
            <option
              value="Supt-Enterprise-Unit-Mgmt@esri.com"
            >
              Enterprise
            </option>
            <option
              value="Supt-Desktop-Unit-Mgmt@esri.com"
            >
              Desktop
            </option>
            <option
              value="Supt-DaDP-Unit-Mgmt@esri.com"
            >
              DaD Products
            </option>
            <option
              value="Supt-NORUS-Unit-Mgmt@esri.com"
            >
              NORUS
            </option>
            <option
              value="SWhittington@esri.com"
            >
              TAMs
            </option>
            <option
              value="Christian_Wells@esri.com"
            >
              Readiness
            </option>
          </select>
        </div>
        <div
          className="form-group col-md-3"
        >
          <label
            htmlFor="employeeLocation"
          >
            Employee Location
          </label>
          <select
            className="form-control"
            id="employeeLocation"
            onChange={[Function]}
          >
            <option>
              Redlands
            </option>
            <option>
              Charlotte
            </option>
            <option>
              Washington DC
            </option>
            <option>
              St Louis
            </option>
          </select>
        </div>
      </div>
      <div
        className="form-row mt-3"
      >
        <div
          className="form-group col-md-5"
        >
          <label
            htmlFor="courseName"
          >
            Course Name
          </label>
          <input
            className="form-control"
            id="courseName"
            onChange={[Function]}
            required={true}
            type="text"
          />
        </div>
        <div
          className="form-group col-md-5"
        >
          <label
            htmlFor="vendor"
          >
            Vendor
          </label>
          <input
            className="form-control"
            id="vendor"
            onChange={[Function]}
            required={true}
            type="text"
          />
        </div>
        <div
          className="form-group col-md-2"
        >
          <label
            htmlFor="cost"
          >
            Cost
          </label>
          <div
            className="input-group mb-3"
          >
            <div
              className="input-group-prepend"
            >
              <span
                className="input-group-text"
              >
                $
              </span>
            </div>
            <input
              className="form-control"
              id="cost"
              onChange={[Function]}
              required={true}
              type="number"
            />
          </div>
        </div>
      </div>
      <div
        className="form-row"
      >
        <div
          className="form-group col-md-6"
        >
          <label
            htmlFor="justification"
          >
            Justification
          </label>
          <textarea
            className="form-control"
            id="justification"
            onChange={[Function]}
            required={true}
            rows="2"
          />
        </div>
        <div
          className="form-group col-md-6"
        >
          <label
            htmlFor="comments"
          >
            Comments
          </label>
          <textarea
            className="form-control"
            id="comments"
            onChange={[Function]}
            rows="2"
          />
        </div>
      </div>
      <div
        className="form-row mt-3"
      >
        <div
          className="form-group col-md-4"
        >
          <label
            htmlFor="startDate"
          >
            Start Date
          </label>
          <input
            className="form-control"
            id="startDate"
            onChange={[Function]}
            required={true}
            type="date"
          />
        </div>
        <div
          className="form-group col-md-4 offset-md-1"
        >
          <label
            htmlFor="endDate"
          >
            End Date
          </label>
          <input
            className="form-control"
            id="endDate"
            onChange={[Function]}
            required={true}
            type="date"
          />
        </div>
        <div
          className="form-group col-md-2 offset-md-1"
          style={
            Object {
              "marginTop": "31px",
            }
          }
        >
          <input
            className="btn btn-primary"
            disabled={true}
            id="submitButton"
            type="submit"
            value="Submit"
          />
        </div>
      </div>
    </form>
  </div>,
]
`;
